{"version":8,"type":"context-options","origin":"library","browserName":"chromium","playwrightVersion":"1.57.0","options":{"noDefaultViewport":false,"viewport":{"width":1280,"height":720},"ignoreHTTPSErrors":false,"javaScriptEnabled":true,"bypassCSP":false,"userAgent":"Mozilla/5.0 (Windows NT 10.0; Win64; x64) AppleWebKit/537.36 (KHTML, like Gecko) Chrome/143.0.7499.4 Safari/537.36","locale":"en-US","offline":false,"deviceScaleFactor":1,"isMobile":false,"hasTouch":false,"colorScheme":"light","acceptDownloads":"accept","baseURL":"http://localhost:4173","recordVideo":{"dir":"/workspace/DontNeed/generated/test-results/.playwright-artifacts-0","size":{"width":800,"height":450}},"serviceWorkers":"block","selectorEngines":[],"testIdAttributeName":"data-testid"},"platform":"linux","wallTime":1766156893294,"monotonicTime":25689.161,"sdkLanguage":"javascript","testIdAttributeName":"data-testid","contextId":"browser-context@441673574e14543454e355a5dab16bd2","title":"auth.spec.ts:15 › Authentication Flow › should show login form"}
{"type":"before","callId":"call@6","startTime":25692.138,"class":"BrowserContext","method":"newPage","params":{},"stepId":"pw:api@34","beforeSnapshot":"before@call@6"}
{"type":"event","time":25721.456,"class":"BrowserContext","method":"page","params":{"pageId":"page@76f472e6e4bc10feb8ea2ec5decbe80e"}}
{"type":"after","callId":"call@6","endTime":25721.534,"result":{"page":"<Page>"},"afterSnapshot":"after@call@6"}
{"type":"before","callId":"call@8","startTime":25725.414,"class":"Page","method":"addInitScript","params":{"source":"(() => {\n    try {\n      localStorage.setItem(\"morphoscan_disclaimer_accepted\", \"true\");\n      localStorage.setItem(\"morphoscan_disclaimer_date\", new Date().toISOString());\n      localStorage.setItem(\"morphoscan_onboarding_complete\", \"true\");\n    } catch {\n      // ignore\n    }\n  })(undefined)"},"stepId":"pw:api@35","pageId":"page@76f472e6e4bc10feb8ea2ec5decbe80e","beforeSnapshot":"before@call@8"}
{"type":"after","callId":"call@8","endTime":25726.399,"afterSnapshot":"after@call@8"}
{"type":"before","callId":"call@10","startTime":25728.708,"class":"Frame","method":"goto","params":{"url":"/auth","timeout":0,"waitUntil":"load"},"stepId":"pw:api@36","pageId":"page@76f472e6e4bc10feb8ea2ec5decbe80e","beforeSnapshot":"before@call@10"}
{"type":"frame-snapshot","snapshot":{"callId":"call@10","snapshotName":"before@call@10","pageId":"page@76f472e6e4bc10feb8ea2ec5decbe80e","frameId":"frame@11f9685db486e16b66f2de20257929c3","frameUrl":"about:blank","html":["HTML",{},["HEAD",{},["BASE",{"href":"about:blank"}]],["BODY"]],"viewport":{"width":1280,"height":720},"timestamp":25731.287,"wallTime":1766156893336,"collectionTime":0.7000000178813934,"resourceOverrides":[],"isMainFrame":true}}
{"type":"log","callId":"call@10","time":25732.482,"message":"navigating to \"http://localhost:4173/auth\", waiting until \"load\""}
{"type":"screencast-frame","pageId":"page@76f472e6e4bc10feb8ea2ec5decbe80e","sha1":"page@76f472e6e4bc10feb8ea2ec5decbe80e-1766156893624.jpeg","width":1280,"height":720,"timestamp":26019.073,"frameSwapWallTime":1766156893621.5999}
{"type":"screencast-frame","pageId":"page@76f472e6e4bc10feb8ea2ec5decbe80e","sha1":"page@76f472e6e4bc10feb8ea2ec5decbe80e-1766156893648.jpeg","width":1280,"height":720,"timestamp":26043.366,"frameSwapWallTime":1766156893645.684}
{"type":"event","time":26055.858,"class":"BrowserContext","method":"pageError","params":{"error":{"error":{"message":"Cannot read properties of undefined (reading 'useLayoutEffect')","stack":"TypeError: Cannot read properties of undefined (reading 'useLayoutEffect')\n    at http://localhost:4173/assets/three-BucGj9Tg.js:3682:316569","name":"TypeError"}}},"pageId":"page@76f472e6e4bc10feb8ea2ec5decbe80e"}
{"type":"after","callId":"call@10","endTime":26057.101,"result":{"response":"<Response>"},"afterSnapshot":"after@call@10"}
{"type":"screencast-frame","pageId":"page@76f472e6e4bc10feb8ea2ec5decbe80e","sha1":"page@76f472e6e4bc10feb8ea2ec5decbe80e-1766156893666.jpeg","width":1280,"height":720,"timestamp":26061.628,"frameSwapWallTime":1766156893664.209}
{"type":"screencast-frame","pageId":"page@76f472e6e4bc10feb8ea2ec5decbe80e","sha1":"page@76f472e6e4bc10feb8ea2ec5decbe80e-1766156893678.jpeg","width":1280,"height":720,"timestamp":26073.278,"frameSwapWallTime":1766156893675.9219}
{"type":"screencast-frame","pageId":"page@76f472e6e4bc10feb8ea2ec5decbe80e","sha1":"page@76f472e6e4bc10feb8ea2ec5decbe80e-1766156893694.jpeg","width":1280,"height":720,"timestamp":26089.148,"frameSwapWallTime":1766156893692.2268}
{"type":"screencast-frame","pageId":"page@76f472e6e4bc10feb8ea2ec5decbe80e","sha1":"page@76f472e6e4bc10feb8ea2ec5decbe80e-1766156893710.jpeg","width":1280,"height":720,"timestamp":26105.485,"frameSwapWallTime":1766156893708.6948}
{"type":"screencast-frame","pageId":"page@76f472e6e4bc10feb8ea2ec5decbe80e","sha1":"page@76f472e6e4bc10feb8ea2ec5decbe80e-1766156893744.jpeg","width":1280,"height":720,"timestamp":26138.924,"frameSwapWallTime":1766156893742.2021}
{"type":"screencast-frame","pageId":"page@76f472e6e4bc10feb8ea2ec5decbe80e","sha1":"page@76f472e6e4bc10feb8ea2ec5decbe80e-1766156893777.jpeg","width":1280,"height":720,"timestamp":26172.733,"frameSwapWallTime":1766156893775.781}
{"type":"frame-snapshot","snapshot":{"callId":"call@10","snapshotName":"after@call@10","pageId":"page@76f472e6e4bc10feb8ea2ec5decbe80e","frameId":"frame@11f9685db486e16b66f2de20257929c3","frameUrl":"http://localhost:4173/auth","doctype":"html","html":["HTML",{"lang":"en"},["HEAD",{},["BASE",{"href":"http://localhost:4173/auth"}],"\n    ",["META",{"charset":"utf-8"}],"\n    ",["META",{"name":"viewport","content":"width=device-width, initial-scale=1.0, maximum-scale=1.0, user-scalable=no, viewport-fit=cover"}],"\n\n    ","\n    ",["LINK",{"rel":"dns-prefetch","href":"https://fonts.googleapis.com"}],"\n    ",["LINK",{"rel":"dns-prefetch","href":"https://fonts.gstatic.com"}],"\n\n    ","\n    ",["LINK",{"rel":"preconnect","href":"https://fonts.googleapis.com"}],"\n    ",["LINK",{"rel":"preconnect","href":"https://fonts.gstatic.com","crossorigin":""}],"\n    ",["LINK",{"href":"https://fonts.googleapis.com/css2?family=Inter:wght@400;500;600;700&family=Playfair+Display:wght@400;500;600;700&family=Space+Grotesk:wght@400;500;600;700&family=JetBrains+Mono:wght@400;500;600;700&family=Poppins:wght@400;500;600;700&family=Outfit:wght@400;500;600;700&family=Sora:wght@400;500;600;700&display=swap","rel":"stylesheet"}],"\n\n    ",["TITLE",{},"MorphoScan Pro - Advanced Men's Health Platform"],"\n    ",["META",{"name":"description","content":"Comprehensive men's health platform for Peyronie's Disease self-assessment, growth tracking, and health monitoring. Track measurements, monitor curvature progression, and export medical reports. 100% private, works offline."}],"\n    ",["META",{"name":"author","content":"MorphoScan Pro"}],"\n    ",["META",{"name":"keywords","content":"men's health, Peyronie's disease, health monitoring, curvature measurement, health tracking, medical self-assessment, penis health, growth tracker"}],"\n\n    ","\n    ",["LINK",{"rel":"canonical","href":"https://growthtracker.app"}],"\n\n    ","\n    ",["META",{"property":"og:title","content":"MorphoScan Pro - Advanced Men's Health Platform"}],"\n    ",["META",{"property":"og:description","content":"Track health measurements, monitor progression, and export reports. Privacy-first, works offline."}],"\n    ",["META",{"property":"og:type","content":"website"}],"\n    ",["META",{"property":"og:url","content":"https://growthtracker.app"}],"\n    ",["META",{"property":"og:site_name","content":"MorphoScan Pro"}],"\n\n    ","\n    ",["META",{"name":"twitter:card","content":"summary_large_image"}],"\n    ",["META",{"name":"twitter:title","content":"MorphoScan Pro - Men's Health Platform"}],"\n    ",["META",{"name":"twitter:description","content":"Comprehensive private health tracking for men."}],"\n\n    ","\n    ",["META",{"name":"theme-color","content":"#0a0a0a"}],"\n    ",["META",{"name":"apple-mobile-web-app-capable","content":"yes"}],"\n    ",["META",{"name":"apple-mobile-web-app-status-bar-style","content":"black-translucent"}],"\n    ",["META",{"name":"apple-mobile-web-app-title","content":"MorphoScan Pro"}],"\n    ",["META",{"name":"mobile-web-app-capable","content":"yes"}],"\n    ",["META",{"name":"format-detection","content":"telephone=no"}],"\n    ",["META",{"name":"msapplication-tap-highlight","content":"no"}],"\n\n    ","\n    ",["META",{"name":"color-scheme","content":"dark light"}],"\n\n    ",["LINK",{"rel":"apple-touch-icon","href":"/pwa-192x192.png"}],"\n    ",["LINK",{"rel":"icon","type":"image/png","href":"/pwa-192x192.png"}],"\n\n    ","\n    ","\n\n    ","\n    ",["STYLE",{},"\n      #app-loader {\n        position: fixed;\n        inset: 0;\n        display: flex;\n        flex-direction: column;\n        align-items: center;\n        justify-content: center;\n        background: linear-gradient(135deg, #0a0a0a 0%, #1a1a2e 100%);\n        z-index: 99999;\n        transition: opacity 0.3s ease-out;\n      }\n      #app-loader.fade-out {\n        opacity: 0;\n        pointer-events: none;\n      }\n      .loader-spinner {\n        width: 48px;\n        height: 48px;\n        border: 3px solid rgba(255, 255, 255, 0.1);\n        border-top-color: #0d9488;\n        border-radius: 50%;\n        animation: spin 0.8s linear infinite;\n      }\n      .loader-text {\n        margin-top: 16px;\n        color: rgba(255, 255, 255, 0.7);\n        font-family: -apple-system, BlinkMacSystemFont, \"Segoe UI\", Roboto, sans-serif;\n        font-size: 14px;\n        letter-spacing: 0.5px;\n      }\n      .loader-logo {\n        width: 64px;\n        height: 64px;\n        margin-bottom: 24px;\n        border-radius: 16px;\n      }\n      @keyframes spin {\n        to {\n          transform: rotate(360deg);\n        }\n      }\n    "],"\n    ","\n    ",["LINK",{"rel":"modulepreload","crossorigin":"","href":"/assets/three-BucGj9Tg.js"}],"\n    ",["LINK",{"rel":"modulepreload","crossorigin":"","href":"/assets/pdf-BJu4EizU.js"}],"\n    ",["LINK",{"rel":"modulepreload","crossorigin":"","href":"/assets/vendor-NMU6nanq.js"}],"\n    ",["LINK",{"rel":"modulepreload","crossorigin":"","href":"/assets/stripe-CTPV_1UD.js"}],"\n    ",["LINK",{"rel":"modulepreload","crossorigin":"","href":"/assets/motion-DT_GQNrB.js"}],"\n    ",["LINK",{"rel":"stylesheet","crossorigin":"","href":"/assets/index-CI6fSfhw.css"}],"\n  ",["LINK",{"rel":"manifest","href":"/manifest.webmanifest"}]],"\n\n  ",["BODY",{},"\n    ","\n    ",["svg",{"style":"display: none"},"\n      ",["defs",{},"\n        ","\n        ",["filter",{"id":"protanopia-filter"},"\n          ",["feColorMatrix",{"type":"matrix","values":"\n            0.567, 0.433, 0,     0, 0\n            0.558, 0.442, 0,     0, 0\n            0,     0.242, 0.758, 0, 0\n            0,     0,     0,     1, 0\n          "}],"\n        "],"\n        ","\n        ",["filter",{"id":"deuteranopia-filter"},"\n          ",["feColorMatrix",{"type":"matrix","values":"\n            0.625, 0.375, 0,     0, 0\n            0.7,   0.3,   0,     0, 0\n            0,     0.3,   0.7,   0, 0\n            0,     0,     0,     1, 0\n          "}],"\n        "],"\n        ","\n        ",["filter",{"id":"tritanopia-filter"},"\n          ",["feColorMatrix",{"type":"matrix","values":"\n            0.95, 0.05,  0,     0, 0\n            0,    0.433, 0.567, 0, 0\n            0,    0.475, 0.525, 0, 0\n            0,    0,     0,     1, 0\n          "}],"\n        "],"\n      "],"\n    "],"\n    ","\n    ",["DIV",{"id":"app-loader","role":"status","aria-label":"Loading application"},"\n      ",["IMG",{"__playwright_current_src__":"http://localhost:4173/pwa-192x192.png","src":"/pwa-192x192.png","alt":"MorphoScan Pro","class":"loader-logo","onerror":""}],"\n      ",["DIV",{"class":"loader-spinner","aria-hidden":"true"}],"\n      ",["DIV",{"class":"loader-text"},"Loading MorphoScan Pro..."],"\n    "],"\n    ","\n    ","\n    ",["DIV",{"id":"root"}],"\n  \n\n"]],"viewport":{"width":1280,"height":720},"timestamp":26218.013,"wallTime":1766156893811,"collectionTime":1.5,"resourceOverrides":[],"isMainFrame":true}}
{"type":"screencast-frame","pageId":"page@76f472e6e4bc10feb8ea2ec5decbe80e","sha1":"page@76f472e6e4bc10feb8ea2ec5decbe80e-1766156893823.jpeg","width":1280,"height":720,"timestamp":26218.325,"frameSwapWallTime":1766156893810.092}
{"type":"before","callId":"call@12","startTime":26220.876,"class":"Frame","method":"waitForFunction","params":{"expression":"() => {\n    var _document$getElementB;\n    return (\n      // eslint-disable-next-line @typescript-eslint/no-explicit-any\n      window.__APP_INTERACTIVE__ === true || (((_document$getElementB = document.getElementById(\"root\")) === null || _document$getElementB === void 0 ? void 0 : _document$getElementB.childElementCount) || 0) > 0\n    );\n  }","isFunction":true,"arg":{"value":{"v":"undefined"},"handles":[]},"timeout":90000},"stepId":"pw:api@37","pageId":"page@76f472e6e4bc10feb8ea2ec5decbe80e","beforeSnapshot":"before@call@12"}
{"type":"frame-snapshot","snapshot":{"callId":"call@12","snapshotName":"before@call@12","pageId":"page@76f472e6e4bc10feb8ea2ec5decbe80e","frameId":"frame@11f9685db486e16b66f2de20257929c3","frameUrl":"http://localhost:4173/auth","doctype":"html","html":[[1,134]],"viewport":{"width":1280,"height":720},"timestamp":26221.799,"wallTime":1766156893826,"collectionTime":0.29999998211860657,"resourceOverrides":[],"isMainFrame":true}}
{"type":"screencast-frame","pageId":"page@76f472e6e4bc10feb8ea2ec5decbe80e","sha1":"page@76f472e6e4bc10feb8ea2ec5decbe80e-1766156893832.jpeg","width":1280,"height":720,"timestamp":26227.696,"frameSwapWallTime":1766156893828.244}
{"type":"screencast-frame","pageId":"page@76f472e6e4bc10feb8ea2ec5decbe80e","sha1":"page@76f472e6e4bc10feb8ea2ec5decbe80e-1766156893849.jpeg","width":1280,"height":720,"timestamp":26244.593,"frameSwapWallTime":1766156893846.667}
{"type":"screencast-frame","pageId":"page@76f472e6e4bc10feb8ea2ec5decbe80e","sha1":"page@76f472e6e4bc10feb8ea2ec5decbe80e-1766156893863.jpeg","width":1280,"height":720,"timestamp":26258.714,"frameSwapWallTime":1766156893860.634}
{"type":"screencast-frame","pageId":"page@76f472e6e4bc10feb8ea2ec5decbe80e","sha1":"page@76f472e6e4bc10feb8ea2ec5decbe80e-1766156893880.jpeg","width":1280,"height":720,"timestamp":26274.85,"frameSwapWallTime":1766156893877.0918}
{"type":"screencast-frame","pageId":"page@76f472e6e4bc10feb8ea2ec5decbe80e","sha1":"page@76f472e6e4bc10feb8ea2ec5decbe80e-1766156893913.jpeg","width":1280,"height":720,"timestamp":26308.321,"frameSwapWallTime":1766156893910.385}
{"type":"screencast-frame","pageId":"page@76f472e6e4bc10feb8ea2ec5decbe80e","sha1":"page@76f472e6e4bc10feb8ea2ec5decbe80e-1766156893946.jpeg","width":1280,"height":720,"timestamp":26341.763,"frameSwapWallTime":1766156893943.664}
{"type":"screencast-frame","pageId":"page@76f472e6e4bc10feb8ea2ec5decbe80e","sha1":"page@76f472e6e4bc10feb8ea2ec5decbe80e-1766156893980.jpeg","width":1280,"height":720,"timestamp":26374.873,"frameSwapWallTime":1766156893977.031}
{"type":"screencast-frame","pageId":"page@76f472e6e4bc10feb8ea2ec5decbe80e","sha1":"page@76f472e6e4bc10feb8ea2ec5decbe80e-1766156894013.jpeg","width":1280,"height":720,"timestamp":26408.121,"frameSwapWallTime":1766156894010.161}
{"type":"screencast-frame","pageId":"page@76f472e6e4bc10feb8ea2ec5decbe80e","sha1":"page@76f472e6e4bc10feb8ea2ec5decbe80e-1766156894046.jpeg","width":1280,"height":720,"timestamp":26441.678,"frameSwapWallTime":1766156894043.691}
{"type":"screencast-frame","pageId":"page@76f472e6e4bc10feb8ea2ec5decbe80e","sha1":"page@76f472e6e4bc10feb8ea2ec5decbe80e-1766156894080.jpeg","width":1280,"height":720,"timestamp":26474.832,"frameSwapWallTime":1766156894076.978}
{"type":"screencast-frame","pageId":"page@76f472e6e4bc10feb8ea2ec5decbe80e","sha1":"page@76f472e6e4bc10feb8ea2ec5decbe80e-1766156894112.jpeg","width":1280,"height":720,"timestamp":26507.624,"frameSwapWallTime":1766156894110.497}
{"type":"screencast-frame","pageId":"page@76f472e6e4bc10feb8ea2ec5decbe80e","sha1":"page@76f472e6e4bc10feb8ea2ec5decbe80e-1766156894163.jpeg","width":1280,"height":720,"timestamp":26557.876,"frameSwapWallTime":1766156894160.29}
{"type":"screencast-frame","pageId":"page@76f472e6e4bc10feb8ea2ec5decbe80e","sha1":"page@76f472e6e4bc10feb8ea2ec5decbe80e-1766156894196.jpeg","width":1280,"height":720,"timestamp":26591.19,"frameSwapWallTime":1766156894193.7102}
{"type":"screencast-frame","pageId":"page@76f472e6e4bc10feb8ea2ec5decbe80e","sha1":"page@76f472e6e4bc10feb8ea2ec5decbe80e-1766156894396.jpeg","width":1280,"height":720,"timestamp":26791.45,"frameSwapWallTime":1766156894393.5918}
{"type":"screencast-frame","pageId":"page@76f472e6e4bc10feb8ea2ec5decbe80e","sha1":"page@76f472e6e4bc10feb8ea2ec5decbe80e-1766156894596.jpeg","width":1280,"height":720,"timestamp":26991.368,"frameSwapWallTime":1766156894593.697}
{"type":"screencast-frame","pageId":"page@76f472e6e4bc10feb8ea2ec5decbe80e","sha1":"page@76f472e6e4bc10feb8ea2ec5decbe80e-1766156894796.jpeg","width":1280,"height":720,"timestamp":27191.3,"frameSwapWallTime":1766156894793.587}
{"type":"screencast-frame","pageId":"page@76f472e6e4bc10feb8ea2ec5decbe80e","sha1":"page@76f472e6e4bc10feb8ea2ec5decbe80e-1766156894996.jpeg","width":1280,"height":720,"timestamp":27391.26,"frameSwapWallTime":1766156894993.581}
{"type":"screencast-frame","pageId":"page@76f472e6e4bc10feb8ea2ec5decbe80e","sha1":"page@76f472e6e4bc10feb8ea2ec5decbe80e-1766156895196.jpeg","width":1280,"height":720,"timestamp":27591.336,"frameSwapWallTime":1766156895193.675}
{"type":"screencast-frame","pageId":"page@76f472e6e4bc10feb8ea2ec5decbe80e","sha1":"page@76f472e6e4bc10feb8ea2ec5decbe80e-1766156895396.jpeg","width":1280,"height":720,"timestamp":27791.441,"frameSwapWallTime":1766156895394.1082}
{"type":"screencast-frame","pageId":"page@76f472e6e4bc10feb8ea2ec5decbe80e","sha1":"page@76f472e6e4bc10feb8ea2ec5decbe80e-1766156895596.jpeg","width":1280,"height":720,"timestamp":27991.041,"frameSwapWallTime":1766156895593.6738}
{"type":"screencast-frame","pageId":"page@76f472e6e4bc10feb8ea2ec5decbe80e","sha1":"page@76f472e6e4bc10feb8ea2ec5decbe80e-1766156895796.jpeg","width":1280,"height":720,"timestamp":28191.171,"frameSwapWallTime":1766156895793.739}
{"type":"screencast-frame","pageId":"page@76f472e6e4bc10feb8ea2ec5decbe80e","sha1":"page@76f472e6e4bc10feb8ea2ec5decbe80e-1766156895996.jpeg","width":1280,"height":720,"timestamp":28390.905,"frameSwapWallTime":1766156895993.47}
{"type":"screencast-frame","pageId":"page@76f472e6e4bc10feb8ea2ec5decbe80e","sha1":"page@76f472e6e4bc10feb8ea2ec5decbe80e-1766156896196.jpeg","width":1280,"height":720,"timestamp":28591.104,"frameSwapWallTime":1766156896193.5552}
{"type":"screencast-frame","pageId":"page@76f472e6e4bc10feb8ea2ec5decbe80e","sha1":"page@76f472e6e4bc10feb8ea2ec5decbe80e-1766156896396.jpeg","width":1280,"height":720,"timestamp":28790.922,"frameSwapWallTime":1766156896393.454}
{"type":"screencast-frame","pageId":"page@76f472e6e4bc10feb8ea2ec5decbe80e","sha1":"page@76f472e6e4bc10feb8ea2ec5decbe80e-1766156896596.jpeg","width":1280,"height":720,"timestamp":28990.951,"frameSwapWallTime":1766156896593.514}
{"type":"screencast-frame","pageId":"page@76f472e6e4bc10feb8ea2ec5decbe80e","sha1":"page@76f472e6e4bc10feb8ea2ec5decbe80e-1766156896796.jpeg","width":1280,"height":720,"timestamp":29191.018,"frameSwapWallTime":1766156896793.511}
{"type":"screencast-frame","pageId":"page@76f472e6e4bc10feb8ea2ec5decbe80e","sha1":"page@76f472e6e4bc10feb8ea2ec5decbe80e-1766156896996.jpeg","width":1280,"height":720,"timestamp":29391.071,"frameSwapWallTime":1766156896993.55}
{"type":"screencast-frame","pageId":"page@76f472e6e4bc10feb8ea2ec5decbe80e","sha1":"page@76f472e6e4bc10feb8ea2ec5decbe80e-1766156897196.jpeg","width":1280,"height":720,"timestamp":29590.918,"frameSwapWallTime":1766156897193.469}
{"type":"screencast-frame","pageId":"page@76f472e6e4bc10feb8ea2ec5decbe80e","sha1":"page@76f472e6e4bc10feb8ea2ec5decbe80e-1766156897396.jpeg","width":1280,"height":720,"timestamp":29790.914,"frameSwapWallTime":1766156897393.442}
{"type":"screencast-frame","pageId":"page@76f472e6e4bc10feb8ea2ec5decbe80e","sha1":"page@76f472e6e4bc10feb8ea2ec5decbe80e-1766156897595.jpeg","width":1280,"height":720,"timestamp":29990.711,"frameSwapWallTime":1766156897593.262}
{"type":"screencast-frame","pageId":"page@76f472e6e4bc10feb8ea2ec5decbe80e","sha1":"page@76f472e6e4bc10feb8ea2ec5decbe80e-1766156897796.jpeg","width":1280,"height":720,"timestamp":30191.197,"frameSwapWallTime":1766156897793.489}
{"type":"screencast-frame","pageId":"page@76f472e6e4bc10feb8ea2ec5decbe80e","sha1":"page@76f472e6e4bc10feb8ea2ec5decbe80e-1766156897996.jpeg","width":1280,"height":720,"timestamp":30390.932,"frameSwapWallTime":1766156897993.365}
{"type":"screencast-frame","pageId":"page@76f472e6e4bc10feb8ea2ec5decbe80e","sha1":"page@76f472e6e4bc10feb8ea2ec5decbe80e-1766156898196.jpeg","width":1280,"height":720,"timestamp":30591.229,"frameSwapWallTime":1766156898193.45}
{"type":"screencast-frame","pageId":"page@76f472e6e4bc10feb8ea2ec5decbe80e","sha1":"page@76f472e6e4bc10feb8ea2ec5decbe80e-1766156898396.jpeg","width":1280,"height":720,"timestamp":30791.375,"frameSwapWallTime":1766156898393.519}
{"type":"screencast-frame","pageId":"page@76f472e6e4bc10feb8ea2ec5decbe80e","sha1":"page@76f472e6e4bc10feb8ea2ec5decbe80e-1766156898596.jpeg","width":1280,"height":720,"timestamp":30991.209,"frameSwapWallTime":1766156898593.4219}
{"type":"screencast-frame","pageId":"page@76f472e6e4bc10feb8ea2ec5decbe80e","sha1":"page@76f472e6e4bc10feb8ea2ec5decbe80e-1766156898796.jpeg","width":1280,"height":720,"timestamp":31191.241,"frameSwapWallTime":1766156898793.3992}
{"type":"screencast-frame","pageId":"page@76f472e6e4bc10feb8ea2ec5decbe80e","sha1":"page@76f472e6e4bc10feb8ea2ec5decbe80e-1766156898996.jpeg","width":1280,"height":720,"timestamp":31391.059,"frameSwapWallTime":1766156898993.518}
{"type":"screencast-frame","pageId":"page@76f472e6e4bc10feb8ea2ec5decbe80e","sha1":"page@76f472e6e4bc10feb8ea2ec5decbe80e-1766156899196.jpeg","width":1280,"height":720,"timestamp":31591.081,"frameSwapWallTime":1766156899193.396}
{"type":"screencast-frame","pageId":"page@76f472e6e4bc10feb8ea2ec5decbe80e","sha1":"page@76f472e6e4bc10feb8ea2ec5decbe80e-1766156899396.jpeg","width":1280,"height":720,"timestamp":31790.87,"frameSwapWallTime":1766156899393.377}
{"type":"screencast-frame","pageId":"page@76f472e6e4bc10feb8ea2ec5decbe80e","sha1":"page@76f472e6e4bc10feb8ea2ec5decbe80e-1766156899595.jpeg","width":1280,"height":720,"timestamp":31990.771,"frameSwapWallTime":1766156899593.287}
{"type":"screencast-frame","pageId":"page@76f472e6e4bc10feb8ea2ec5decbe80e","sha1":"page@76f472e6e4bc10feb8ea2ec5decbe80e-1766156899796.jpeg","width":1280,"height":720,"timestamp":32190.919,"frameSwapWallTime":1766156899793.346}
{"type":"screencast-frame","pageId":"page@76f472e6e4bc10feb8ea2ec5decbe80e","sha1":"page@76f472e6e4bc10feb8ea2ec5decbe80e-1766156900012.jpeg","width":1280,"height":720,"timestamp":32407.371,"frameSwapWallTime":1766156900010.173}
{"type":"screencast-frame","pageId":"page@76f472e6e4bc10feb8ea2ec5decbe80e","sha1":"page@76f472e6e4bc10feb8ea2ec5decbe80e-1766156900212.jpeg","width":1280,"height":720,"timestamp":32607.437,"frameSwapWallTime":1766156900210.081}
{"type":"screencast-frame","pageId":"page@76f472e6e4bc10feb8ea2ec5decbe80e","sha1":"page@76f472e6e4bc10feb8ea2ec5decbe80e-1766156900399.jpeg","width":1280,"height":720,"timestamp":32794.143,"frameSwapWallTime":1766156900396.596}
{"type":"screencast-frame","pageId":"page@76f472e6e4bc10feb8ea2ec5decbe80e","sha1":"page@76f472e6e4bc10feb8ea2ec5decbe80e-1766156900612.jpeg","width":1280,"height":720,"timestamp":33007.74,"frameSwapWallTime":1766156900610.09}
{"type":"screencast-frame","pageId":"page@76f472e6e4bc10feb8ea2ec5decbe80e","sha1":"page@76f472e6e4bc10feb8ea2ec5decbe80e-1766156900812.jpeg","width":1280,"height":720,"timestamp":33207.228,"frameSwapWallTime":1766156900809.824}
{"type":"screencast-frame","pageId":"page@76f472e6e4bc10feb8ea2ec5decbe80e","sha1":"page@76f472e6e4bc10feb8ea2ec5decbe80e-1766156901012.jpeg","width":1280,"height":720,"timestamp":33407.401,"frameSwapWallTime":1766156901009.959}
{"type":"screencast-frame","pageId":"page@76f472e6e4bc10feb8ea2ec5decbe80e","sha1":"page@76f472e6e4bc10feb8ea2ec5decbe80e-1766156901212.jpeg","width":1280,"height":720,"timestamp":33607.487,"frameSwapWallTime":1766156901210.104}
{"type":"screencast-frame","pageId":"page@76f472e6e4bc10feb8ea2ec5decbe80e","sha1":"page@76f472e6e4bc10feb8ea2ec5decbe80e-1766156901412.jpeg","width":1280,"height":720,"timestamp":33807.533,"frameSwapWallTime":1766156901410.028}
{"type":"screencast-frame","pageId":"page@76f472e6e4bc10feb8ea2ec5decbe80e","sha1":"page@76f472e6e4bc10feb8ea2ec5decbe80e-1766156901612.jpeg","width":1280,"height":720,"timestamp":34007.422,"frameSwapWallTime":1766156901609.988}
{"type":"screencast-frame","pageId":"page@76f472e6e4bc10feb8ea2ec5decbe80e","sha1":"page@76f472e6e4bc10feb8ea2ec5decbe80e-1766156901812.jpeg","width":1280,"height":720,"timestamp":34207.405,"frameSwapWallTime":1766156901810.035}
{"type":"screencast-frame","pageId":"page@76f472e6e4bc10feb8ea2ec5decbe80e","sha1":"page@76f472e6e4bc10feb8ea2ec5decbe80e-1766156902012.jpeg","width":1280,"height":720,"timestamp":34407.176,"frameSwapWallTime":1766156902009.92}
{"type":"screencast-frame","pageId":"page@76f472e6e4bc10feb8ea2ec5decbe80e","sha1":"page@76f472e6e4bc10feb8ea2ec5decbe80e-1766156902213.jpeg","width":1280,"height":720,"timestamp":34607.995,"frameSwapWallTime":1766156902210.625}
{"type":"screencast-frame","pageId":"page@76f472e6e4bc10feb8ea2ec5decbe80e","sha1":"page@76f472e6e4bc10feb8ea2ec5decbe80e-1766156902412.jpeg","width":1280,"height":720,"timestamp":34807.07,"frameSwapWallTime":1766156902409.668}
{"type":"screencast-frame","pageId":"page@76f472e6e4bc10feb8ea2ec5decbe80e","sha1":"page@76f472e6e4bc10feb8ea2ec5decbe80e-1766156902612.jpeg","width":1280,"height":720,"timestamp":35007.275,"frameSwapWallTime":1766156902609.969}
{"type":"screencast-frame","pageId":"page@76f472e6e4bc10feb8ea2ec5decbe80e","sha1":"page@76f472e6e4bc10feb8ea2ec5decbe80e-1766156902812.jpeg","width":1280,"height":720,"timestamp":35207.239,"frameSwapWallTime":1766156902810.0269}
{"type":"screencast-frame","pageId":"page@76f472e6e4bc10feb8ea2ec5decbe80e","sha1":"page@76f472e6e4bc10feb8ea2ec5decbe80e-1766156903012.jpeg","width":1280,"height":720,"timestamp":35407.26,"frameSwapWallTime":1766156903010.0032}
{"type":"screencast-frame","pageId":"page@76f472e6e4bc10feb8ea2ec5decbe80e","sha1":"page@76f472e6e4bc10feb8ea2ec5decbe80e-1766156903212.jpeg","width":1280,"height":720,"timestamp":35607.158,"frameSwapWallTime":1766156903209.972}
{"type":"screencast-frame","pageId":"page@76f472e6e4bc10feb8ea2ec5decbe80e","sha1":"page@76f472e6e4bc10feb8ea2ec5decbe80e-1766156903412.jpeg","width":1280,"height":720,"timestamp":35807.245,"frameSwapWallTime":1766156903409.952}
{"type":"screencast-frame","pageId":"page@76f472e6e4bc10feb8ea2ec5decbe80e","sha1":"page@76f472e6e4bc10feb8ea2ec5decbe80e-1766156903612.jpeg","width":1280,"height":720,"timestamp":36007.293,"frameSwapWallTime":1766156903610.011}
{"type":"screencast-frame","pageId":"page@76f472e6e4bc10feb8ea2ec5decbe80e","sha1":"page@76f472e6e4bc10feb8ea2ec5decbe80e-1766156903812.jpeg","width":1280,"height":720,"timestamp":36207.155,"frameSwapWallTime":1766156903809.962}
{"type":"screencast-frame","pageId":"page@76f472e6e4bc10feb8ea2ec5decbe80e","sha1":"page@76f472e6e4bc10feb8ea2ec5decbe80e-1766156904012.jpeg","width":1280,"height":720,"timestamp":36407.149,"frameSwapWallTime":1766156904009.8418}
{"type":"screencast-frame","pageId":"page@76f472e6e4bc10feb8ea2ec5decbe80e","sha1":"page@76f472e6e4bc10feb8ea2ec5decbe80e-1766156904212.jpeg","width":1280,"height":720,"timestamp":36607.182,"frameSwapWallTime":1766156904209.9978}
{"type":"screencast-frame","pageId":"page@76f472e6e4bc10feb8ea2ec5decbe80e","sha1":"page@76f472e6e4bc10feb8ea2ec5decbe80e-1766156904412.jpeg","width":1280,"height":720,"timestamp":36807.024,"frameSwapWallTime":1766156904409.748}
{"type":"screencast-frame","pageId":"page@76f472e6e4bc10feb8ea2ec5decbe80e","sha1":"page@76f472e6e4bc10feb8ea2ec5decbe80e-1766156904612.jpeg","width":1280,"height":720,"timestamp":37007.235,"frameSwapWallTime":1766156904610.014}
{"type":"screencast-frame","pageId":"page@76f472e6e4bc10feb8ea2ec5decbe80e","sha1":"page@76f472e6e4bc10feb8ea2ec5decbe80e-1766156904812.jpeg","width":1280,"height":720,"timestamp":37207.315,"frameSwapWallTime":1766156904809.948}
{"type":"screencast-frame","pageId":"page@76f472e6e4bc10feb8ea2ec5decbe80e","sha1":"page@76f472e6e4bc10feb8ea2ec5decbe80e-1766156905012.jpeg","width":1280,"height":720,"timestamp":37407.169,"frameSwapWallTime":1766156905009.933}
{"type":"screencast-frame","pageId":"page@76f472e6e4bc10feb8ea2ec5decbe80e","sha1":"page@76f472e6e4bc10feb8ea2ec5decbe80e-1766156905212.jpeg","width":1280,"height":720,"timestamp":37607.628,"frameSwapWallTime":1766156905209.979}
{"type":"screencast-frame","pageId":"page@76f472e6e4bc10feb8ea2ec5decbe80e","sha1":"page@76f472e6e4bc10feb8ea2ec5decbe80e-1766156905412.jpeg","width":1280,"height":720,"timestamp":37807.169,"frameSwapWallTime":1766156905409.965}
{"type":"screencast-frame","pageId":"page@76f472e6e4bc10feb8ea2ec5decbe80e","sha1":"page@76f472e6e4bc10feb8ea2ec5decbe80e-1766156905612.jpeg","width":1280,"height":720,"timestamp":38007.122,"frameSwapWallTime":1766156905609.756}
{"type":"screencast-frame","pageId":"page@76f472e6e4bc10feb8ea2ec5decbe80e","sha1":"page@76f472e6e4bc10feb8ea2ec5decbe80e-1766156905812.jpeg","width":1280,"height":720,"timestamp":38207.212,"frameSwapWallTime":1766156905809.74}
{"type":"screencast-frame","pageId":"page@76f472e6e4bc10feb8ea2ec5decbe80e","sha1":"page@76f472e6e4bc10feb8ea2ec5decbe80e-1766156906012.jpeg","width":1280,"height":720,"timestamp":38407.269,"frameSwapWallTime":1766156906009.739}
{"type":"screencast-frame","pageId":"page@76f472e6e4bc10feb8ea2ec5decbe80e","sha1":"page@76f472e6e4bc10feb8ea2ec5decbe80e-1766156906212.jpeg","width":1280,"height":720,"timestamp":38607.283,"frameSwapWallTime":1766156906209.903}
{"type":"screencast-frame","pageId":"page@76f472e6e4bc10feb8ea2ec5decbe80e","sha1":"page@76f472e6e4bc10feb8ea2ec5decbe80e-1766156906412.jpeg","width":1280,"height":720,"timestamp":38807.07,"frameSwapWallTime":1766156906409.775}
{"type":"screencast-frame","pageId":"page@76f472e6e4bc10feb8ea2ec5decbe80e","sha1":"page@76f472e6e4bc10feb8ea2ec5decbe80e-1766156906612.jpeg","width":1280,"height":720,"timestamp":39007.139,"frameSwapWallTime":1766156906609.976}
{"type":"screencast-frame","pageId":"page@76f472e6e4bc10feb8ea2ec5decbe80e","sha1":"page@76f472e6e4bc10feb8ea2ec5decbe80e-1766156906812.jpeg","width":1280,"height":720,"timestamp":39206.931,"frameSwapWallTime":1766156906809.677}
{"type":"screencast-frame","pageId":"page@76f472e6e4bc10feb8ea2ec5decbe80e","sha1":"page@76f472e6e4bc10feb8ea2ec5decbe80e-1766156907012.jpeg","width":1280,"height":720,"timestamp":39407.129,"frameSwapWallTime":1766156907009.731}
{"type":"screencast-frame","pageId":"page@76f472e6e4bc10feb8ea2ec5decbe80e","sha1":"page@76f472e6e4bc10feb8ea2ec5decbe80e-1766156907212.jpeg","width":1280,"height":720,"timestamp":39607.044,"frameSwapWallTime":1766156907209.686}
{"type":"screencast-frame","pageId":"page@76f472e6e4bc10feb8ea2ec5decbe80e","sha1":"page@76f472e6e4bc10feb8ea2ec5decbe80e-1766156907412.jpeg","width":1280,"height":720,"timestamp":39806.912,"frameSwapWallTime":1766156907409.6128}
{"type":"screencast-frame","pageId":"page@76f472e6e4bc10feb8ea2ec5decbe80e","sha1":"page@76f472e6e4bc10feb8ea2ec5decbe80e-1766156907612.jpeg","width":1280,"height":720,"timestamp":40007.145,"frameSwapWallTime":1766156907609.658}
{"type":"screencast-frame","pageId":"page@76f472e6e4bc10feb8ea2ec5decbe80e","sha1":"page@76f472e6e4bc10feb8ea2ec5decbe80e-1766156907812.jpeg","width":1280,"height":720,"timestamp":40207.298,"frameSwapWallTime":1766156907809.726}
{"type":"screencast-frame","pageId":"page@76f472e6e4bc10feb8ea2ec5decbe80e","sha1":"page@76f472e6e4bc10feb8ea2ec5decbe80e-1766156908011.jpeg","width":1280,"height":720,"timestamp":40406.811,"frameSwapWallTime":1766156908009.53}
{"type":"screencast-frame","pageId":"page@76f472e6e4bc10feb8ea2ec5decbe80e","sha1":"page@76f472e6e4bc10feb8ea2ec5decbe80e-1766156908212.jpeg","width":1280,"height":720,"timestamp":40607.611,"frameSwapWallTime":1766156908210.1482}
{"type":"screencast-frame","pageId":"page@76f472e6e4bc10feb8ea2ec5decbe80e","sha1":"page@76f472e6e4bc10feb8ea2ec5decbe80e-1766156908412.jpeg","width":1280,"height":720,"timestamp":40806.933,"frameSwapWallTime":1766156908409.563}
{"type":"screencast-frame","pageId":"page@76f472e6e4bc10feb8ea2ec5decbe80e","sha1":"page@76f472e6e4bc10feb8ea2ec5decbe80e-1766156908612.jpeg","width":1280,"height":720,"timestamp":41007.171,"frameSwapWallTime":1766156908609.726}
{"type":"screencast-frame","pageId":"page@76f472e6e4bc10feb8ea2ec5decbe80e","sha1":"page@76f472e6e4bc10feb8ea2ec5decbe80e-1766156908812.jpeg","width":1280,"height":720,"timestamp":41207.444,"frameSwapWallTime":1766156908810.2988}
{"type":"screencast-frame","pageId":"page@76f472e6e4bc10feb8ea2ec5decbe80e","sha1":"page@76f472e6e4bc10feb8ea2ec5decbe80e-1766156909012.jpeg","width":1280,"height":720,"timestamp":41406.968,"frameSwapWallTime":1766156909009.5469}
{"type":"screencast-frame","pageId":"page@76f472e6e4bc10feb8ea2ec5decbe80e","sha1":"page@76f472e6e4bc10feb8ea2ec5decbe80e-1766156909212.jpeg","width":1280,"height":720,"timestamp":41607.789,"frameSwapWallTime":1766156909210.372}
{"type":"screencast-frame","pageId":"page@76f472e6e4bc10feb8ea2ec5decbe80e","sha1":"page@76f472e6e4bc10feb8ea2ec5decbe80e-1766156909412.jpeg","width":1280,"height":720,"timestamp":41806.874,"frameSwapWallTime":1766156909409.358}
{"type":"screencast-frame","pageId":"page@76f472e6e4bc10feb8ea2ec5decbe80e","sha1":"page@76f472e6e4bc10feb8ea2ec5decbe80e-1766156909612.jpeg","width":1280,"height":720,"timestamp":42006.985,"frameSwapWallTime":1766156909609.639}
{"type":"screencast-frame","pageId":"page@76f472e6e4bc10feb8ea2ec5decbe80e","sha1":"page@76f472e6e4bc10feb8ea2ec5decbe80e-1766156909812.jpeg","width":1280,"height":720,"timestamp":42207.284,"frameSwapWallTime":1766156909809.658}
{"type":"screencast-frame","pageId":"page@76f472e6e4bc10feb8ea2ec5decbe80e","sha1":"page@76f472e6e4bc10feb8ea2ec5decbe80e-1766156910012.jpeg","width":1280,"height":720,"timestamp":42407.165,"frameSwapWallTime":1766156910009.728}
{"type":"screencast-frame","pageId":"page@76f472e6e4bc10feb8ea2ec5decbe80e","sha1":"page@76f472e6e4bc10feb8ea2ec5decbe80e-1766156910212.jpeg","width":1280,"height":720,"timestamp":42607.091,"frameSwapWallTime":1766156910209.713}
{"type":"screencast-frame","pageId":"page@76f472e6e4bc10feb8ea2ec5decbe80e","sha1":"page@76f472e6e4bc10feb8ea2ec5decbe80e-1766156910412.jpeg","width":1280,"height":720,"timestamp":42807.106,"frameSwapWallTime":1766156910409.7422}
{"type":"screencast-frame","pageId":"page@76f472e6e4bc10feb8ea2ec5decbe80e","sha1":"page@76f472e6e4bc10feb8ea2ec5decbe80e-1766156910612.jpeg","width":1280,"height":720,"timestamp":43006.928,"frameSwapWallTime":1766156910609.525}
{"type":"screencast-frame","pageId":"page@76f472e6e4bc10feb8ea2ec5decbe80e","sha1":"page@76f472e6e4bc10feb8ea2ec5decbe80e-1766156910812.jpeg","width":1280,"height":720,"timestamp":43206.927,"frameSwapWallTime":1766156910809.519}
{"type":"screencast-frame","pageId":"page@76f472e6e4bc10feb8ea2ec5decbe80e","sha1":"page@76f472e6e4bc10feb8ea2ec5decbe80e-1766156911012.jpeg","width":1280,"height":720,"timestamp":43406.84,"frameSwapWallTime":1766156911009.53}
{"type":"screencast-frame","pageId":"page@76f472e6e4bc10feb8ea2ec5decbe80e","sha1":"page@76f472e6e4bc10feb8ea2ec5decbe80e-1766156911211.jpeg","width":1280,"height":720,"timestamp":43606.818,"frameSwapWallTime":1766156911209.513}
{"type":"screencast-frame","pageId":"page@76f472e6e4bc10feb8ea2ec5decbe80e","sha1":"page@76f472e6e4bc10feb8ea2ec5decbe80e-1766156911411.jpeg","width":1280,"height":720,"timestamp":43806.811,"frameSwapWallTime":1766156911409.364}
{"type":"screencast-frame","pageId":"page@76f472e6e4bc10feb8ea2ec5decbe80e","sha1":"page@76f472e6e4bc10feb8ea2ec5decbe80e-1766156911612.jpeg","width":1280,"height":720,"timestamp":44007.206,"frameSwapWallTime":1766156911609.714}
{"type":"screencast-frame","pageId":"page@76f472e6e4bc10feb8ea2ec5decbe80e","sha1":"page@76f472e6e4bc10feb8ea2ec5decbe80e-1766156911812.jpeg","width":1280,"height":720,"timestamp":44207.036,"frameSwapWallTime":1766156911809.622}
{"type":"screencast-frame","pageId":"page@76f472e6e4bc10feb8ea2ec5decbe80e","sha1":"page@76f472e6e4bc10feb8ea2ec5decbe80e-1766156912012.jpeg","width":1280,"height":720,"timestamp":44406.96,"frameSwapWallTime":1766156912009.431}
{"type":"screencast-frame","pageId":"page@76f472e6e4bc10feb8ea2ec5decbe80e","sha1":"page@76f472e6e4bc10feb8ea2ec5decbe80e-1766156912212.jpeg","width":1280,"height":720,"timestamp":44607.031,"frameSwapWallTime":1766156912209.49}
{"type":"screencast-frame","pageId":"page@76f472e6e4bc10feb8ea2ec5decbe80e","sha1":"page@76f472e6e4bc10feb8ea2ec5decbe80e-1766156912412.jpeg","width":1280,"height":720,"timestamp":44806.862,"frameSwapWallTime":1766156912409.446}
{"type":"screencast-frame","pageId":"page@76f472e6e4bc10feb8ea2ec5decbe80e","sha1":"page@76f472e6e4bc10feb8ea2ec5decbe80e-1766156912628.jpeg","width":1280,"height":720,"timestamp":45023.41,"frameSwapWallTime":1766156912626.198}
{"type":"screencast-frame","pageId":"page@76f472e6e4bc10feb8ea2ec5decbe80e","sha1":"page@76f472e6e4bc10feb8ea2ec5decbe80e-1766156912816.jpeg","width":1280,"height":720,"timestamp":45211.007,"frameSwapWallTime":1766156912812.675}
{"type":"screencast-frame","pageId":"page@76f472e6e4bc10feb8ea2ec5decbe80e","sha1":"page@76f472e6e4bc10feb8ea2ec5decbe80e-1766156913015.jpeg","width":1280,"height":720,"timestamp":45410.623,"frameSwapWallTime":1766156913012.5972}
{"type":"screencast-frame","pageId":"page@76f472e6e4bc10feb8ea2ec5decbe80e","sha1":"page@76f472e6e4bc10feb8ea2ec5decbe80e-1766156913232.jpeg","width":1280,"height":720,"timestamp":45627.825,"frameSwapWallTime":1766156913229.869}
{"type":"screencast-frame","pageId":"page@76f472e6e4bc10feb8ea2ec5decbe80e","sha1":"page@76f472e6e4bc10feb8ea2ec5decbe80e-1766156913429.jpeg","width":1280,"height":720,"timestamp":45823.877,"frameSwapWallTime":1766156913426.2231}
{"type":"screencast-frame","pageId":"page@76f472e6e4bc10feb8ea2ec5decbe80e","sha1":"page@76f472e6e4bc10feb8ea2ec5decbe80e-1766156913632.jpeg","width":1280,"height":720,"timestamp":46027.03,"frameSwapWallTime":1766156913629.4739}
{"type":"screencast-frame","pageId":"page@76f472e6e4bc10feb8ea2ec5decbe80e","sha1":"page@76f472e6e4bc10feb8ea2ec5decbe80e-1766156913828.jpeg","width":1280,"height":720,"timestamp":46223.781,"frameSwapWallTime":1766156913826.503}
{"type":"after","callId":"call@12","endTime":116225.376,"error":{"message":"Timeout 90000ms exceeded.","stack":"TimeoutError: Timeout 90000ms exceeded.\n    at ProgressController.run (/workspace/node_modules/playwright-core/lib/server/progress.js:68:28)\n    at FrameDispatcher._runCommand (/workspace/node_modules/playwright-core/lib/server/dispatchers/dispatcher.js:95:31)\n    at DispatcherConnection.dispatch (/workspace/node_modules/playwright-core/lib/server/dispatchers/dispatcher.js:329:39)","name":"TimeoutError"},"afterSnapshot":"after@call@12"}
{"type":"frame-snapshot","snapshot":{"callId":"call@12","snapshotName":"after@call@12","pageId":"page@76f472e6e4bc10feb8ea2ec5decbe80e","frameId":"frame@11f9685db486e16b66f2de20257929c3","frameUrl":"http://localhost:4173/auth","doctype":"html","html":["HTML",{"lang":"en"},[[2,90]],[[2,91]],["BODY",{},[[2,92]],[[2,93]],[[2,116]],[[2,117]],[[2,118]],[[2,128]],[[2,129]],[[2,130]],[[2,131]],[[2,132]]]],"viewport":{"width":1280,"height":720},"timestamp":116227.416,"wallTime":1766156983832,"collectionTime":0.5999999940395355,"resourceOverrides":[],"isMainFrame":true}}
{"type":"screencast-frame","pageId":"page@76f472e6e4bc10feb8ea2ec5decbe80e","sha1":"page@76f472e6e4bc10feb8ea2ec5decbe80e-1766156983903.jpeg","width":1280,"height":720,"timestamp":116298.293,"frameSwapWallTime":1766156983900.116}
